// Jest Snapshot v1, https://goo.gl/fbAQLP

exports[`Should render EditExpensePage properly 1`] = `undefined`;

exports[`Should render EditExpensePage properly 2`] = `undefined`;
