// Jest Snapshot v1, https://goo.gl/fbAQLP

exports[`Should render ExpenseDashBoardPage  1`] = `
<div>
  This is from my Dashboard Components
  <Connect(ExpenseListFilters) />
  <Connect(ExpenseList) />
</div>
`;
