// Jest Snapshot v1, https://goo.gl/fbAQLP

exports[`Should render Expense List Item  1`] = `
<div>
  <Link
    replace={false}
    to="/edit/1"
  >
    <h3>
      Rent1
    </h3>
  </Link>
  <p>
    195
     - 
    <Component />
  </p>
</div>
`;
